system {
  ntp {
      peer 192.168.0.1;
      peer 172.17.17.1;
  }
}
